// Jest Snapshot v1, https://goo.gl/fbAQLP

exports[`AuthenticatedLayout renders correctly 1`] = `
.c10 {
  background: #fff;
  color: #1b1b1b;
  border-radius: 3px;
  border: 1px solid #37414f;
  padding: 5px 10px;
  text-transform: capitalize;
  -webkit-transition: background 0.3s linear;
  transition: background 0.3s linear;
}

.c10:hover {
  cursor: pointer;
  background: rgba(55,65,79,0.3);
}

.c4 {
  display: -webkit-box;
  display: -webkit-flex;
  display: -ms-flexbox;
  display: flex;
  -webkit-align-items: center;
  -webkit-box-align: center;
  -ms-flex-align: center;
  align-items: center;
}

.c5 {
  color: #1b1b1b;
  text-transform: capitalize;
  margin: 0 10px;
}

.c6 {
  display: inline-block;
  height: 20px;
  width: 40px;
  background: rgba(27,27,27,0.2);
  border-radius: 20px;
  cursor: pointer;
}

.c9 {
  height: 20px;
  width: 20px;
  border-radius: 20px;
  background: #fff;
  box-shadow: 0 1px 3px rgba(55,65,79,0.3);
  -webkit-transition: all 0.3s;
  transition: all 0.3s;
}

.c7 {
  position: absolute;
  opacity: 0;
  cursor: pointer;
}

.c7:checked + .c8 {
  -webkit-transform: translate3d(100%,0,0);
  -ms-transform: translate3d(100%,0,0);
  transform: translate3d(100%,0,0);
}

.c0 {
  display: -webkit-box;
  display: -webkit-flex;
  display: -ms-flexbox;
  display: flex;
  -webkit-flex-direction: column;
  -ms-flex-direction: column;
  flex-direction: column;
  height: 100vh;
}

.c1 {
  position: relative;
  height: 60px;
  display: -webkit-box;
  display: -webkit-flex;
  display: -ms-flexbox;
  display: flex;
  -webkit-align-items: center;
  -webkit-box-align: center;
  -ms-flex-align: center;
  align-items: center;
  color: #1b1b1b;
  background: #fff;
  border-bottom: 1px solid rgba(55,65,79,0.3);
  padding: 5px 20px;
}

.c3 {
  margin-left: auto;
  display: -webkit-box;
  display: -webkit-flex;
  display: -ms-flexbox;
  display: flex;
}

.c3 button {
  margin-left: 10px;
}

.c12 {
  color: #1b1b1b;
  background: #fff;
  border-top: 1px solid rgba(55,65,79,0.3);
  padding: 0 20px;
}

.c11 {
  -webkit-flex: 1;
  -ms-flex: 1;
  flex: 1;
  overflow: auto;
  padding: 60px 20px 20px;
  height: 100%;
  background: #fff;
}

.c2 {
  position: absolute;
  top: 10px;
  height: 100px;
  background: #fff;
  -webkit-transition: position 0.4s linear,height 0.4s linear,top 0.4s linear;
  transition: position 0.4s linear,height 0.4s linear,top 0.4s linear;
}

<div
  class="c0"
>
  <header
    class="c1"
  >
    <img
      alt="logo"
      class="c2"
      src="logo.png"
    />
    <div
      class="c3"
    >
      <div
        class="c4"
      >
        <div
          class="c5"
        >
          light
        </div>
        <label
          class="c6"
        >
          <input
            class="c7"
            type="checkbox"
          />
          <div
            class="c8 c9"
          />
        </label>
        <div
          class="c5"
        >
          dark
        </div>
      </div>
      <button
        class="c10"
      >
        logout
      </button>
    </div>
  </header>
  <main
    class="c11"
  />
  <footer
    class="c12"
  >
    <p>
      Environment: 
      test
    </p>
  </footer>
</div>
`;
